`apiVersion: internal.acorn.io/v1
kind: ServiceInstance
metadata:
  creationTimestamp: null
  labels:
    acorn.io/app-name: app-name
    acorn.io/app-namespace: app-namespace
    acorn.io/managed: "true"
    acorn.io/router-name: router-name
  name: router-name
  namespace: app-created-namespace
  uid: 1234567890abcdef
spec:
  appName: app-name
  appNamespace: app-namespace
  default: true
  labels:
    acorn.io/app-name: app-name
    acorn.io/app-namespace: app-namespace
    acorn.io/managed: "true"
    acorn.io/router-name: router-name
  secrets:
  - my-secret
  - my-other-secret
status:
  conditions:
    reason: Success
    status: "True"
    success: true
    type: defined
`
