`apiVersion: internal.acorn.io/v1
kind: AppInstance
metadata:
  creationTimestamp: null
  name: app-name
  namespace: app-namespace
  uid: 1234567890abcdef
spec:
  image: test
  region: my-region
status:
  appImage:
    id: test
    imageData: {}
    vcs: {}
  appSpec:
    containers:
      container-name:
        image: image-name
        metrics: {}
        probes: null
  appStatus: {}
  columns: {}
  conditions:
    reason: Success
    status: "True"
    success: true
    type: defaults
  defaults:
    memory:
      "": 0
      container-name: 0
  namespace: app-created-namespace
  observedGeneration: 1
`
