`
ACORNS:
NAME      IMAGE     COMMIT    CREATED    ENDPOINTS   MESSAGE
found                         292y ago

CONTAINERS:
NAME              ACORN     IMAGE     STATE     RESTARTCOUNT   CREATED    MESSAGE
found.container                                 0              292y ago

VOLUMES:
NAME        BOUND-VOLUME   CAPACITY   VOLUME-CLASS   STATUS    ACCESS-MODES   CREATED
found.vol   vol            <nil>                                              292y ago

SECRETS:
NAME           TYPE      KEYS      CREATED
found.secret             []        292y ago
`
