`apiVersion: internal.admin.acorn.io/v1
kind: QuotaRequestInstance
metadata:
  annotations:
    acorn.io/app-generation: "0"
  creationTimestamp: null
  name: app-name
  namespace: app-namespace
spec:
  resources:
    apps: 0
    containers: 1
    cpu: 250m
    images: 0
    jobs: 1
    memory: 2Gi
    secrets: 1
    volumeStorage: 10G
    volumes: 1
status:
  allocatedResources:
    apps: 0
    containers: 0
    cpu: "0"
    images: 0
    jobs: 0
    memory: "0"
    secrets: 0
    volumeStorage: "0"
    volumes: 0
`
