`apiVersion: v1
kind: ServiceAccount
metadata:
  creationTimestamp: null
  labels:
    acorn.io/app-name: app-name
    acorn.io/app-namespace: app-namespace
    acorn.io/app-public-name: app-name
    acorn.io/container-name: buildimage
    acorn.io/managed: "true"
    acorn.io/project-name: app-namespace
  name: buildimage
  namespace: app-created-namespace

---
apiVersion: apps/v1
kind: Deployment
metadata:
  creationTimestamp: null
  labels:
    acorn.io/app-name: app-name
    acorn.io/app-namespace: app-namespace
    acorn.io/app-public-name: app-name
    acorn.io/container-name: buildimage
    acorn.io/managed: "true"
    acorn.io/project-name: app-namespace
  name: buildimage
  namespace: app-created-namespace
spec:
  selector:
    matchLabels:
      acorn.io/app-name: app-name
      acorn.io/app-namespace: app-namespace
      acorn.io/container-name: buildimage
      acorn.io/managed: "true"
  strategy: {}
  template:
    metadata:
      annotations:
        acorn.io/container-spec: '{"image":"sha256:21a3deaa0d32a8057914f36584b5288d2e5ecc984380bc0118285c70fa8c9300","metrics":{},"probes":null}'
      creationTimestamp: null
      labels:
        acorn.io/app-name: app-name
        acorn.io/app-namespace: app-namespace
        acorn.io/app-public-name: app-name
        acorn.io/container-name: buildimage
        acorn.io/managed: "true"
        acorn.io/project-name: app-namespace
    spec:
      containers:
      - image: foo.io/test@sha256:21a3deaa0d32a8057914f36584b5288d2e5ecc984380bc0118285c70fa8c9300
        name: buildimage
        resources: {}
      enableServiceLinks: false
      hostname: buildimage
      imagePullSecrets:
      - name: buildimage-pull-1234567890ab
      serviceAccountName: buildimage
      terminationGracePeriodSeconds: 5
status: {}

---
apiVersion: policy/v1
kind: PodDisruptionBudget
metadata:
  creationTimestamp: null
  labels:
    acorn.io/app-name: app-name
    acorn.io/app-namespace: app-namespace
    acorn.io/app-public-name: app-name
    acorn.io/container-name: buildimage
    acorn.io/managed: "true"
    acorn.io/project-name: app-namespace
  name: buildimage
  namespace: app-created-namespace
spec:
  maxUnavailable: 25%
  selector:
    matchLabels:
      acorn.io/app-name: app-name
      acorn.io/app-namespace: app-namespace
      acorn.io/container-name: buildimage
      acorn.io/managed: "true"
status:
  currentHealthy: 0
  desiredHealthy: 0
  disruptionsAllowed: 0
  expectedPods: 0

---
apiVersion: v1
kind: ServiceAccount
metadata:
  creationTimestamp: null
  labels:
    acorn.io/app-name: app-name
    acorn.io/app-namespace: app-namespace
    acorn.io/app-public-name: app-name
    acorn.io/container-name: oneimage
    acorn.io/managed: "true"
    acorn.io/project-name: app-namespace
  name: oneimage
  namespace: app-created-namespace

---
apiVersion: apps/v1
kind: Deployment
metadata:
  creationTimestamp: null
  labels:
    acorn.io/app-name: app-name
    acorn.io/app-namespace: app-namespace
    acorn.io/app-public-name: app-name
    acorn.io/container-name: oneimage
    acorn.io/managed: "true"
    acorn.io/project-name: app-namespace
  name: oneimage
  namespace: app-created-namespace
spec:
  selector:
    matchLabels:
      acorn.io/app-name: app-name
      acorn.io/app-namespace: app-namespace
      acorn.io/container-name: oneimage
      acorn.io/managed: "true"
  strategy: {}
  template:
    metadata:
      annotations:
        acorn.io/container-spec: '{"image":"sha256:21a3deaa0d32a8057914f36584b5288d2e5ecc984380bc0118285c70fa8c9300","metrics":{},"probes":null,"sidecars":{"left":{"image":"sha256:21a3deaa0d32a8057914f36584b5288d2e5ecc984380bc0118285c70fa8c9300","metrics":{},"probes":null}}}'
      creationTimestamp: null
      labels:
        acorn.io/app-name: app-name
        acorn.io/app-namespace: app-namespace
        acorn.io/app-public-name: app-name
        acorn.io/container-name: oneimage
        acorn.io/managed: "true"
        acorn.io/project-name: app-namespace
    spec:
      containers:
      - image: foo.io/test@sha256:21a3deaa0d32a8057914f36584b5288d2e5ecc984380bc0118285c70fa8c9300
        name: oneimage
        resources: {}
      - image: foo.io/test@sha256:21a3deaa0d32a8057914f36584b5288d2e5ecc984380bc0118285c70fa8c9300
        name: left
        resources: {}
      enableServiceLinks: false
      hostname: oneimage
      imagePullSecrets:
      - name: oneimage-pull-1234567890ab
      serviceAccountName: oneimage
      terminationGracePeriodSeconds: 5
status: {}

---
apiVersion: policy/v1
kind: PodDisruptionBudget
metadata:
  creationTimestamp: null
  labels:
    acorn.io/app-name: app-name
    acorn.io/app-namespace: app-namespace
    acorn.io/app-public-name: app-name
    acorn.io/container-name: oneimage
    acorn.io/managed: "true"
    acorn.io/project-name: app-namespace
  name: oneimage
  namespace: app-created-namespace
spec:
  maxUnavailable: 25%
  selector:
    matchLabels:
      acorn.io/app-name: app-name
      acorn.io/app-namespace: app-namespace
      acorn.io/container-name: oneimage
      acorn.io/managed: "true"
status:
  currentHealthy: 0
  desiredHealthy: 0
  disruptionsAllowed: 0
  expectedPods: 0

---
apiVersion: v1
data:
  .dockerconfigjson: eyJhdXRocyI6eyJmb28uaW8iOnsidXNlcm5hbWUiOiJ1c2VyIiwicGFzc3dvcmQiOiJwYXNzIiwiYXV0aCI6ImRYTmxjanB3WVhOeiJ9fX0=
kind: Secret
metadata:
  creationTimestamp: null
  labels:
    acorn.io/managed: "true"
    acorn.io/pull-secret: "true"
  name: buildimage-pull-1234567890ab
  namespace: app-created-namespace
type: kubernetes.io/dockerconfigjson

---
apiVersion: v1
data:
  .dockerconfigjson: eyJhdXRocyI6eyJmb28uaW8iOnsidXNlcm5hbWUiOiJ1c2VyIiwicGFzc3dvcmQiOiJwYXNzIiwiYXV0aCI6ImRYTmxjanB3WVhOeiJ9fX0=
kind: Secret
metadata:
  creationTimestamp: null
  labels:
    acorn.io/managed: "true"
    acorn.io/pull-secret: "true"
  name: oneimage-pull-1234567890ab
  namespace: app-created-namespace
type: kubernetes.io/dockerconfigjson

---
apiVersion: internal.acorn.io/v1
kind: AppInstance
metadata:
  creationTimestamp: null
  name: app-name
  namespace: app-namespace
  uid: 1234567890abcdef
spec:
  image: foo.io/test
status:
  appImage:
    id: foo.io/test
    imageData: {}
    vcs: {}
  appSpec:
    containers:
      buildimage:
        image: sha256:21a3deaa0d32a8057914f36584b5288d2e5ecc984380bc0118285c70fa8c9300
        metrics: {}
        probes: null
      oneimage:
        image: sha256:21a3deaa0d32a8057914f36584b5288d2e5ecc984380bc0118285c70fa8c9300
        metrics: {}
        probes: null
        sidecars:
          left:
            image: sha256:21a3deaa0d32a8057914f36584b5288d2e5ecc984380bc0118285c70fa8c9300
            metrics: {}
            probes: null
  appStatus: {}
  columns: {}
  conditions:
    reason: Success
    status: "True"
    success: true
    type: defined
  defaults: {}
  namespace: app-created-namespace
  staged:
    appImage:
      imageData: {}
      vcs: {}
  summary: {}
`
