`apiVersion: internal.admin.acorn.io/v1
kind: QuotaRequestInstance
metadata:
  annotations:
    acorn.io/app-generation: "0"
  creationTimestamp: null
  name: app-name
  namespace: app-namespace
spec:
  resources:
    apps: 0
    computeClasses:
      "":
        cpu: "0"
        memory: "0"
    containers: 1
    images: 0
    jobs: 0
    secrets: 1
    volumeClasses:
      "":
        volumeStorage: 1Gi
    volumes: 1
status:
  allocatedResources:
    apps: 0
    computeClasses: null
    containers: 0
    images: 0
    jobs: 0
    secrets: 0
    volumeClasses: null
    volumes: 0
`
