`apiVersion: internal.acorn.io/v1
kind: AppInstance
metadata:
  creationTimestamp: null
  name: app-name
  namespace: app-namespace
  uid: 1234567890abcdef
spec:
  autoUpgrade: true
  image: myimage:latest
status:
  appImage:
    buildContext: {}
    imageData: {}
    vcs: {}
  appSpec: {}
  appStatus: {}
  columns: {}
  conditions:
    reason: Success
    status: "True"
    success: true
    type: image-pull
  defaults: {}
  namespace: app-created-namespace
  resolvedOfferings: {}
  staged:
    appImage:
      buildContext: {}
      digest: sha256:aaaaaaaaaaaaaaaaaaaaaaaaaaaaaaaaaaaaaaaaaaaaaaaaaaaaaaaaaaaaaaaa
      imageData: {}
      name: myimage:latest
      vcs: {}
  summary: {}
`
