`apiVersion: v1
kind: Namespace
metadata:
  annotations:
    globala1: value
    globala2: value
  creationTimestamp: null
  labels:
    acorn.io/app-name: app-name
    acorn.io/app-namespace: app-namespace
    acorn.io/managed: "true"
    globall1: value
    globall2: value
    pod-security.kubernetes.io/enforce: baseline
  name: app-created-namespace
spec: {}
status: {}
`
