`apiVersion: internal.acorn.io/v1
kind: ServiceInstance
metadata:
  annotations:
    acorn.io/app-generation: "0"
  creationTimestamp: null
  labels:
    acorn.io/app-name: app-name
    acorn.io/app-namespace: app-namespace
    acorn.io/link-name: con-link
    acorn.io/managed: "true"
    acorn.io/public-name: app-name.con
  name: con
  namespace: app-created-namespace
spec:
  appName: app-name
  appNamespace: app-namespace
  default: false
  external: con-link
  labels:
    acorn.io/app-name: app-name
    acorn.io/app-namespace: app-namespace
    acorn.io/link-name: con-link
    acorn.io/managed: "true"
    acorn.io/public-name: app-name.con
status: {}

---
apiVersion: internal.acorn.io/v1
kind: AppInstance
metadata:
  creationTimestamp: null
  name: app-name
  namespace: app-namespace
  uid: 1234567890abcdef
spec:
  image: test
  services:
  - service: con-link
    target: con
status:
  appImage:
    id: test
    imageData: {}
    vcs: {}
  appSpec:
    containers:
      con:
        image: image-name
        metrics: {}
        probes: null
  appStatus: {}
  columns: {}
  conditions:
    reason: Success
    status: "True"
    success: true
    type: defined
  defaults: {}
  namespace: app-created-namespace
`
