`apiVersion: internal.acorn.io/v1
kind: AppInstance
metadata:
  creationTimestamp: null
  generation: 1
  name: app-name
  namespace: app-namespace
  uid: 1234567890abcdef
spec:
  image: test
status:
  appImage:
    buildContext: {}
    id: test
    imageData: {}
    vcs: {}
  appSpec:
    jobs:
      create-only:
        events:
        - create
        image: create-only-image
        metrics: {}
        probes: null
      delete-only:
        events:
        - delete
        image: delete-only-image
        metrics: {}
        probes: null
      stop-only:
        events:
        - stop
        image: stop-only-image
        metrics: {}
        probes: null
      update-only:
        events:
        - update
        image: update-only-image
        metrics: {}
        probes: null
  appStatus:
    jobs:
      create-only:
        createEventSucceeded: true
        skipped: true
      delete-only:
        skipped: true
      stop-only:
        skipped: true
      update-only:
        skipped: true
  columns: {}
  conditions:
    observedGeneration: 1
    reason: Success
    status: "True"
    success: true
    type: defined
  namespace: app-created-namespace
  resolvedOfferings: {}
  staged:
    appImage:
      buildContext: {}
      imageData: {}
      vcs: {}
  summary: {}
`
