`apiVersion: v1
kind: Service
metadata:
  creationTimestamp: null
  labels:
    acorn.io/app-name: app-name
    acorn.io/app-namespace: app-namespace
    acorn.io/container-name: oneimage
    acorn.io/managed: "true"
  name: oneimage
  namespace: app-created-namespace
spec:
  ports:
  - name: "80"
    port: 80
    protocol: TCP
    targetPort: 80
  selector:
    acorn.io/app-name: app-name
    acorn.io/app-namespace: app-namespace
    acorn.io/container-name: oneimage
    acorn.io/managed: "true"
  type: ClusterIP
status:
  loadBalancer: {}

---
apiVersion: v1
kind: Service
metadata:
  creationTimestamp: null
  labels:
    acorn.io/app-name: app-name
    acorn.io/app-namespace: app-namespace
    acorn.io/container-name: oneimage
    acorn.io/managed: "true"
    acorn.io/service-publish: "true"
  name: oneimage-publish-1234567890ab
  namespace: app-created-namespace
spec:
  ports:
  - name: "80"
    port: 80
    protocol: TCP
    targetPort: 80
  selector:
    acorn.io/app-name: app-name
    acorn.io/app-namespace: app-namespace
    acorn.io/container-name: oneimage
    acorn.io/managed: "true"
  type: LoadBalancer
status:
  loadBalancer: {}

---
apiVersion: internal.acorn.io/v1
kind: ServiceInstance
metadata:
  creationTimestamp: null
  labels:
    acorn.io/app-name: app-name
    acorn.io/app-namespace: app-namespace
    acorn.io/container-name: oneimage
    acorn.io/managed: "true"
  name: oneimage
  namespace: app-created-namespace
  uid: 1234567890abcdef
spec:
  appName: app-name
  appNamespace: app-namespace
  container: oneimage
  default: false
  labels:
    acorn.io/app-name: app-name
    acorn.io/app-namespace: app-namespace
    acorn.io/container-name: oneimage
    acorn.io/managed: "true"
  ports:
  - port: 80
  publish:
  - port: 80
status:
  conditions:
    reason: Success
    status: "True"
    success: true
    type: defined
  hasService: true
`
